Archive member included to satisfy reference by file (symbol)

/home/rejoice/.mcuxpressotools/arm-gnu-toolchain-13.2.Rel1-x86_64-arm-none-eabi/bin/../lib/gcc/arm-none-eabi/13.2.1/../../../../arm-none-eabi/lib/thumb/v8-m.main+fp/hard/libc_nano.a(libc_a-exit.o)
                              /home/rejoice/.mcuxpressotools/arm-gnu-toolchain-13.2.Rel1-x86_64-arm-none-eabi/bin/../lib/gcc/arm-none-eabi/13.2.1/../../../../arm-none-eabi/lib/thumb/v8-m.main+fp/hard/crt0.o (exit)
/home/rejoice/.mcuxpressotools/arm-gnu-toolchain-13.2.Rel1-x86_64-arm-none-eabi/bin/../lib/gcc/arm-none-eabi/13.2.1/../../../../arm-none-eabi/lib/thumb/v8-m.main+fp/hard/libc_nano.a(libc_a-strtoul.o)
                              CMakeFiles/hello_world_s.elf.dir/home/rejoice/new/My_ethosu_firmware/devices/MIMX9352/utilities/str/fsl_str.c.obj (strtoul)
/home/rejoice/.mcuxpressotools/arm-gnu-toolchain-13.2.Rel1-x86_64-arm-none-eabi/bin/../lib/gcc/arm-none-eabi/13.2.1/../../../../arm-none-eabi/lib/thumb/v8-m.main+fp/hard/libc_nano.a(libc_a-init.o)
                              /home/rejoice/.mcuxpressotools/arm-gnu-toolchain-13.2.Rel1-x86_64-arm-none-eabi/bin/../lib/gcc/arm-none-eabi/13.2.1/../../../../arm-none-eabi/lib/thumb/v8-m.main+fp/hard/crt0.o (__libc_init_array)
/home/rejoice/.mcuxpressotools/arm-gnu-toolchain-13.2.Rel1-x86_64-arm-none-eabi/bin/../lib/gcc/arm-none-eabi/13.2.1/../../../../arm-none-eabi/lib/thumb/v8-m.main+fp/hard/libc_nano.a(libc_a-impure.o)
                              /home/rejoice/.mcuxpressotools/arm-gnu-toolchain-13.2.Rel1-x86_64-arm-none-eabi/bin/../lib/gcc/arm-none-eabi/13.2.1/../../../../arm-none-eabi/lib/thumb/v8-m.main+fp/hard/libc_nano.a(libc_a-strtoul.o) (_impure_ptr)
/home/rejoice/.mcuxpressotools/arm-gnu-toolchain-13.2.Rel1-x86_64-arm-none-eabi/bin/../lib/gcc/arm-none-eabi/13.2.1/../../../../arm-none-eabi/lib/thumb/v8-m.main+fp/hard/libc_nano.a(libc_a-malloc.o)
                              CMakeFiles/hello_world_s.elf.dir/home/rejoice/new/My_ethosu_firmware/devices/MIMX9352/drivers/fsl_common.c.obj (malloc)
/home/rejoice/.mcuxpressotools/arm-gnu-toolchain-13.2.Rel1-x86_64-arm-none-eabi/bin/../lib/gcc/arm-none-eabi/13.2.1/../../../../arm-none-eabi/lib/thumb/v8-m.main+fp/hard/libc_nano.a(libc_a-mallocr.o)
                              /home/rejoice/.mcuxpressotools/arm-gnu-toolchain-13.2.Rel1-x86_64-arm-none-eabi/bin/../lib/gcc/arm-none-eabi/13.2.1/../../../../arm-none-eabi/lib/thumb/v8-m.main+fp/hard/libc_nano.a(libc_a-malloc.o) (_malloc_r)
/home/rejoice/.mcuxpressotools/arm-gnu-toolchain-13.2.Rel1-x86_64-arm-none-eabi/bin/../lib/gcc/arm-none-eabi/13.2.1/../../../../arm-none-eabi/lib/thumb/v8-m.main+fp/hard/libc_nano.a(libc_a-findfp.o)
                              /home/rejoice/.mcuxpressotools/arm-gnu-toolchain-13.2.Rel1-x86_64-arm-none-eabi/bin/../lib/gcc/arm-none-eabi/13.2.1/../../../../arm-none-eabi/lib/thumb/v8-m.main+fp/hard/libc_nano.a(libc_a-exit.o) (__stdio_exit_handler)
/home/rejoice/.mcuxpressotools/arm-gnu-toolchain-13.2.Rel1-x86_64-arm-none-eabi/bin/../lib/gcc/arm-none-eabi/13.2.1/../../../../arm-none-eabi/lib/thumb/v8-m.main+fp/hard/libc_nano.a(libc_a-strlen.o)
                              CMakeFiles/hello_world_s.elf.dir/home/rejoice/new/My_ethosu_firmware/devices/MIMX9352/utilities/debug_console_lite/fsl_debug_console.c.obj (strlen)
/home/rejoice/.mcuxpressotools/arm-gnu-toolchain-13.2.Rel1-x86_64-arm-none-eabi/bin/../lib/gcc/arm-none-eabi/13.2.1/../../../../arm-none-eabi/lib/thumb/v8-m.main+fp/hard/libc_nano.a(libc_a-stdio.o)
                              /home/rejoice/.mcuxpressotools/arm-gnu-toolchain-13.2.Rel1-x86_64-arm-none-eabi/bin/../lib/gcc/arm-none-eabi/13.2.1/../../../../arm-none-eabi/lib/thumb/v8-m.main+fp/hard/libc_nano.a(libc_a-findfp.o) (__sread)
/home/rejoice/.mcuxpressotools/arm-gnu-toolchain-13.2.Rel1-x86_64-arm-none-eabi/bin/../lib/gcc/arm-none-eabi/13.2.1/../../../../arm-none-eabi/lib/thumb/v8-m.main+fp/hard/libc_nano.a(libc_a-mlock.o)
                              /home/rejoice/.mcuxpressotools/arm-gnu-toolchain-13.2.Rel1-x86_64-arm-none-eabi/bin/../lib/gcc/arm-none-eabi/13.2.1/../../../../arm-none-eabi/lib/thumb/v8-m.main+fp/hard/libc_nano.a(libc_a-mallocr.o) (__malloc_lock)
/home/rejoice/.mcuxpressotools/arm-gnu-toolchain-13.2.Rel1-x86_64-arm-none-eabi/bin/../lib/gcc/arm-none-eabi/13.2.1/../../../../arm-none-eabi/lib/thumb/v8-m.main+fp/hard/libc_nano.a(libc_a-ctype_.o)
                              /home/rejoice/.mcuxpressotools/arm-gnu-toolchain-13.2.Rel1-x86_64-arm-none-eabi/bin/../lib/gcc/arm-none-eabi/13.2.1/../../../../arm-none-eabi/lib/thumb/v8-m.main+fp/hard/libc_nano.a(libc_a-strtoul.o) (_ctype_)
/home/rejoice/.mcuxpressotools/arm-gnu-toolchain-13.2.Rel1-x86_64-arm-none-eabi/bin/../lib/gcc/arm-none-eabi/13.2.1/../../../../arm-none-eabi/lib/thumb/v8-m.main+fp/hard/libc_nano.a(libc_a-readr.o)
[...]
Memory Configuration

Name             Origin             Length             Attributes
m_interrupts     0x1ffe0000         0x00000478         xr
m_text           0x1ffe0478         0x0000f988         xr
m_veneer_table   0x1ffefe00         0x00000200         xr
m_m33_suspend_ram 0x30000000         0x00002000         rw
m_a55_suspend_ram 0x30002000         0x00001000         rw
m_data           0x30003000         0x0000b000         rw
m_rsc_tbl        0x3001e000         0x00001000         rw
*default*        0x00000000         0xffffffff

Linker script and memory map

LOAD /home/rejoice/.mcuxpressotools/arm-gnu-toolchain-13.2.Rel1-x86_64-arm-none-eabi/bin/../lib/gcc/arm-none-eabi/13.2.1/thumb/v8-m.main+fp/hard/crti.o
LOAD /home/rejoice/.mcuxpressotools/arm-gnu-toolchain-13.2.Rel1-x86_64-arm-none-eabi/bin/../lib/gcc/arm-none-eabi/13.2.1/thumb/v8-m.main+fp/hard/crtbegin.o
LOAD /home/rejoice/.mcuxpressotools/arm-gnu-toolchain-13.2.Rel1-x86_64-arm-none-eabi/bin/../lib/gcc/arm-none-eabi/13.2.1/../../../../arm-none-eabi/lib/thumb/v8-m.main+fp/hard/crt0.o
LOAD CMakeFiles/hello_world_s.elf.dir/home/rejoice/new/My_ethosu_firmware/boards/mcimx93evk/trustzone_examples/hello_world/hello_world_s/hello_world_s.c.obj
LOAD CMakeFiles/hello_world_s.elf.dir/home/rejoice/new/My_ethosu_firmware/boards/mcimx93evk/trustzone_examples/hello_world/hello_world_s/replay.c.obj
LOAD CMakeFiles/hello_world_s.elf.dir/home/rejoice/new/My_ethosu_firmware/boards/mcimx93evk/trustzone_examples/hello_world/hello_world_s/rsc_table.c.obj
LOAD CMakeFiles/hello_world_s.elf.dir/home/rejoice/new/My_ethosu_firmware/boards/mcimx93evk/trustzone_examples/hello_world/hello_world_s/pin_mux.c.obj
LOAD CMakeFiles/hello_world_s.elf.dir/home/rejoice/new/My_ethosu_firmware/boards/mcimx93evk/trustzone_examples/hello_world/hello_world_s/tzm_config.c.obj
LOAD CMakeFiles/hello_world_s.elf.dir/home/rejoice/new/My_ethosu_firmware/boards/mcimx93evk/trustzone_examples/hello_world/hello_world_s/veneer_table.c.obj
LOAD CMakeFiles/hello_world_s.elf.dir/home/rejoice/new/My_ethosu_firmware/boards/mcimx93evk/trustzone_examples/hello_world/hello_world_s/tzm_api.c.obj
LOAD CMakeFiles/hello_world_s.elf.dir/home/rejoice/new/My_ethosu_firmware/boards/mcimx93evk/trustzone_examples/hello_world/hello_world_s/board.c.obj
LOAD CMakeFiles/hello_world_s.elf.dir/home/rejoice/new/My_ethosu_firmware/boards/mcimx93evk/trustzone_examples/hello_world/hello_world_s/clock_config.c.obj
LOAD CMakeFiles/hello_world_s.elf.dir/home/rejoice/new/My_ethosu_firmware/components/lists/fsl_component_generic_list.c.obj
LOAD CMakeFiles/hello_world_s.elf.dir/home/rejoice/new/My_ethosu_firmware/components/uart/fsl_adapter_lpuart.c.obj
LOAD CMakeFiles/hello_world_s.elf.dir/home/rejoice/new/My_ethosu_firmware/devices/MIMX9352/system_MIMX9352_cm33.c.obj
LOAD CMakeFiles/hello_world_s.elf.dir/home/rejoice/new/My_ethosu_firmware/devices/MIMX9352/gcc/startup_MIMX9352_cm33.S.obj
LOAD CMakeFiles/hello_world_s.elf.dir/home/rejoice/new/My_ethosu_firmware/components/adp5585/fsl_adp5585.c.obj
LOAD CMakeFiles/hello_world_s.elf.dir/home/rejoice/new/My_ethosu_firmware/devices/MIMX9352/drivers/fsl_cache.c.obj
LOAD CMakeFiles/hello_world_s.elf.dir/home/rejoice/new/My_ethosu_firmware/devices/MIMX9352/drivers/fsl_clock.c.obj
LOAD CMakeFiles/hello_world_s.elf.dir/home/rejoice/new/My_ethosu_firmware/devices/MIMX9352/drivers/fsl_common.c.obj
LOAD CMakeFiles/hello_world_s.elf.dir/home/rejoice/new/My_ethosu_firmware/devices/MIMX9352/drivers/fsl_common_arm.c.obj
LOAD CMakeFiles/hello_world_s.elf.dir/home/rejoice/new/My_ethosu_firmware/devices/MIMX9352/drivers/fsl_lpuart.c.obj
LOAD CMakeFiles/hello_world_s.elf.dir/home/rejoice/new/My_ethosu_firmware/components/pcal6524/fsl_pcal6524.c.obj
LOAD CMakeFiles/hello_world_s.elf.dir/home/rejoice/new/My_ethosu_firmware/devices/MIMX9352/drivers/fsl_rgpio.c.obj
LOAD CMakeFiles/hello_world_s.elf.dir/home/rejoice/new/My_ethosu_firmware/devices/MIMX9352/drivers/fsl_sentinel.c.obj
LOAD CMakeFiles/hello_world_s.elf.dir/home/rejoice/new/My_ethosu_firmware/devices/MIMX9352/drivers/fsl_trdc.c.obj
LOAD CMakeFiles/hello_world_s.elf.dir/home/rejoice/new/My_ethosu_firmware/devices/MIMX9352/utilities/fsl_sbrk.c.obj
LOAD CMakeFiles/hello_world_s.elf.dir/home/rejoice/new/My_ethosu_firmware/devices/MIMX9352/utilities/fsl_syscall_stub.c.obj
LOAD CMakeFiles/hello_world_s.elf.dir/home/rejoice/new/My_ethosu_firmware/devices/MIMX9352/utilities/fsl_memcpy.S.obj
LOAD CMakeFiles/hello_world_s.elf.dir/home/rejoice/new/My_ethosu_firmware/devices/MIMX9352/utilities/debug_console_lite/fsl_assert.c.obj
LOAD CMakeFiles/hello_world_s.elf.dir/home/rejoice/new/My_ethosu_firmware/devices/MIMX9352/utilities/debug_console_lite/fsl_debug_console.c.obj
LOAD CMakeFiles/hello_world_s.elf.dir/home/rejoice/new/My_ethosu_firmware/devices/MIMX9352/utilities/str/fsl_str.c.obj
START GROUP
LOAD /home/rejoice/.mcuxpressotools/arm-gnu-toolchain-13.2.Rel1-x86_64-arm-none-eabi/bin/../lib/gcc/arm-none-eabi/13.2.1/../../../../arm-none-eabi/lib/thumb/v8-m.main+fp/hard/libm.a
LOAD /home/rejoice/.mcuxpressotools/arm-gnu-toolchain-13.2.Rel1-x86_64-arm-none-eabi/bin/../lib/gcc/arm-none-eabi/13.2.1/../../../../arm-none-eabi/lib/thumb/v8-m.main+fp/hard/libc_nano.a
LOAD /home/rejoice/.mcuxpressotools/arm-gnu-toolchain-13.2.Rel1-x86_64-arm-none-eabi/bin/../lib/gcc/arm-none-eabi/13.2.1/thumb/v8-m.main+fp/hard/libgcc.a
LOAD /home/rejoice/.mcuxpressotools/arm-gnu-toolchain-13.2.Rel1-x86_64-arm-none-eabi/bin/../lib/gcc/arm-none-eabi/13.2.1/../../../../arm-none-eabi/lib/thumb/v8-m.main+fp/hard/libnosys.a
END GROUP
START GROUP
LOAD /home/rejoice/.mcuxpressotools/arm-gnu-toolchain-13.2.Rel1-x86_64-arm-none-eabi/bin/../lib/gcc/arm-none-eabi/13.2.1/thumb/v8-m.main+fp/hard/libgcc.a
LOAD /home/rejoice/.mcuxpressotools/arm-gnu-toolchain-13.2.Rel1-x86_64-arm-none-eabi/bin/../lib/gcc/arm-none-eabi/13.2.1/../../../../arm-none-eabi/lib/thumb/v8-m.main+fp/hard/libc_nano.a
END GROUP
START GROUP
LOAD /home/rejoice/.mcuxpressotools/arm-gnu-toolchain-13.2.Rel1-x86_64-arm-none-eabi/bin/../lib/gcc/arm-none-eabi/13.2.1/thumb/v8-m.main+fp/hard/libgcc.a
LOAD /home/rejoice/.mcuxpressotools/arm-gnu-toolchain-13.2.Rel1-x86_64-arm-none-eabi/bin/../lib/gcc/arm-none-eabi/13.2.1/../../../../arm-none-eabi/lib/thumb/v8-m.main+fp/hard/libc_nano.a
LOAD /home/rejoice/.mcuxpressotools/arm-gnu-toolchain-13.2.Rel1-x86_64-arm-none-eabi/bin/../lib/gcc/arm-none-eabi/13.2.1/../../../../arm-none-eabi/lib/thumb/v8-m.main+fp/hard/libnosys.a
END GROUP
START GROUP
LOAD /home/rejoice/.mcuxpressotools/arm-gnu-toolchain-13.2.Rel1-x86_64-arm-none-eabi/bin/../lib/gcc/arm-none-eabi/13.2.1/thumb/v8-m.main+fp/hard/libgcc.a
LOAD /home/rejoice/.mcuxpressotools/arm-gnu-toolchain-13.2.Rel1-x86_64-arm-none-eabi/bin/../lib/gcc/arm-none-eabi/13.2.1/../../../../arm-none-eabi/lib/thumb/v8-m.main+fp/hard/libc_nano.a
LOAD /home/rejoice/.mcuxpressotools/arm-gnu-toolchain-13.2.Rel1-x86_64-arm-none-eabi/bin/../lib/gcc/arm-none-eabi/13.2.1/../../../../arm-none-eabi/lib/thumb/v8-m.main+fp/hard/libnosys.a
END GROUP
LOAD /home/rejoice/.mcuxpressotools/arm-gnu-toolchain-13.2.Rel1-x86_64-arm-none-eabi/bin/../lib/gcc/arm-none-eabi/13.2.1/thumb/v8-m.main+fp/hard/crtend.o
LOAD /home/rejoice/.mcuxpressotools/arm-gnu-toolchain-13.2.Rel1-x86_64-arm-none-eabi/bin/../lib/gcc/arm-none-eabi/13.2.1/thumb/v8-m.main+fp/hard/crtn.o
                0x00000400                        HEAP_SIZE = DEFINED (__heap_size__)?__heap_size__:0x400
                0x00000400                        STACK_SIZE = DEFINED (__stack_size__)?__stack_size__:0x400
                0x00000000                        M_VECTOR_RAM_SIZE = DEFINED (__ram_vector_table__)?0x478:0x0

.interrupts     0x1ffe0000      0x474
                0x1ffe0000                        __VECTOR_TABLE = .
                0x1ffe0000                        __Vectors = .
                0x1ffe0000                        . = ALIGN (0x4)
 *(.isr_vector)
 .isr_vector    0x1ffe0000      0x474 CMakeFiles/hello_world_s.elf.dir/home/rejoice/new/My_ethosu_firmware/devices/MIMX9352/gcc/startup_MIMX9352_cm33.S.obj
                0x1ffe0000                __isr_vector
                0x1ffe0474                        . = ALIGN (0x4)

.resource_table
                0x1ffe0478       0x50
                0x1ffe0478                        . = ALIGN (0x8)
 *(.resource_table)
 .resource_table
                0x1ffe0478       0x50 CMakeFiles/hello_world_s.elf.dir/home/rejoice/new/My_ethosu_firmware/boards/mcimx93evk/trustzone_examples/hello_world/hello_world_s/rsc_table.c.obj
                0x1ffe0478                rsc_table
                0x1ffe04c8                        . = ALIGN (0x8)

.gnu.sgstubs    0x1ffefe00       0x20
                0x1ffefe00                        . = ALIGN (0x20)
                0x1ffefe00                        _start_sg = .
 *(.gnu.sgstubs*)
                0x1ffefe00                        . = ALIGN (0x20)
                0x1ffefe00                        _end_sg = .
 .gnu.sgstubs.__stub
                0x1ffefe00       0x10 linker stubs
                0x1ffefe00                StringCompare_NSE
                0x1ffefe08                DbgConsole_Printf_NSE

.text           0x1ffe04c8     0x1ce0
                0x1ffe04c8                        . = ALIGN (0x4)
 *(.text)
 .text          0x1ffe04c8       0x7c /home/rejoice/.mcuxpressotools/arm-gnu-toolchain-13.2.Rel1-x86_64-arm-none-eabi/bin/../lib/gcc/arm-none-eabi/13.2.1/../../../../arm-none-eabi/lib/thumb/v8-m.main+fp/hard/crt0.o
                0x1ffe04c8                _stack_init
                0x1ffe04d0                _mainCRTStartup
                0x1ffe04d0                _start
 .text          0x1ffe0544      0x4ac CMakeFiles/hello_world_s.elf.dir/home/rejoice/new/My_ethosu_firmware/devices/MIMX9352/gcc/startup_MIMX9352_cm33.S.obj
                0x1ffe0544                Reset_Handler
                0x1ffe05bc                Reserved18_IRQHandler
                0x1ffe05bc                DMA4_14_15_DriverIRQHandler
                0x1ffe05bc                Reserved16_IRQHandler
                0x1ffe05bc                MU2_A_IRQHandler
                0x1ffe05bc                Reserved179_IRQHandler
                0x1ffe05bc                LPSPI2_DriverIRQHandler
                0x1ffe05bc                DMA4_20_21_DriverIRQHandler
                0x1ffe05bc                DebugMon_Handler
                0x1ffe05bc                Reserved178_IRQHandler
                0x1ffe05bc                Reserved220_IRQHandler
                0x1ffe05bc                Reserved88_IRQHandler
                0x1ffe05bc                Reserved243_IRQHandler
                0x1ffe05bc                Reserved65_IRQHandler
                0x1ffe05bc                Reserved229_IRQHandler
                0x1ffe05bc                Reserved76_IRQHandler
                0x1ffe05bc                Reserved248_IRQHandler
                0x1ffe05bc                Reserved64_IRQHandler
                0x1ffe05bc                LPSPI4_DriverIRQHandler
                0x1ffe05bc                Reserved60_IRQHandler
                0x1ffe05bc                Reserved236_IRQHandler
                0x1ffe05bc                Reserved234_IRQHandler
                0x1ffe05bc                Reserved225_IRQHandler
                0x1ffe05bc                CSI_IRQHandler
                0x1ffe05bc                LPI2C5_DriverIRQHandler
                0x1ffe05bc                Reserved50_IRQHandler
                0x1ffe05bc                TRDC_IRQHandler
                0x1ffe05bc                Reserved183_IRQHandler
                0x1ffe05bc                LPIT2_IRQHandler
                0x1ffe05bc                Reserved19_IRQHandler
                0x1ffe05bc                DMA4_0_1_DriverIRQHandler
                0x1ffe05bc                Reserved74_IRQHandler
                0x1ffe05bc                Reserved89_IRQHandler
                0x1ffe05bc                Reserved59_IRQHandler
                0x1ffe05bc                LPTMR2_IRQHandler
                0x1ffe05bc                Reserved272_IRQHandler
                0x1ffe05bc                Reserved263_IRQHandler
                0x1ffe05bc                DMA4_58_59_DriverIRQHandler
                0x1ffe05bc                ENET_1588_DriverIRQHandler
                0x1ffe05bc                LPI2C3_DriverIRQHandler
                0x1ffe05bc                DMA4_52_53_DriverIRQHandler
                0x1ffe05bc                Reserved42_IRQHandler
                0x1ffe05bc                Reserved22_IRQHandler
                0x1ffe05bc                Reserved75_IRQHandler
                0x1ffe05bc                Reserved238_IRQHandler
                0x1ffe05bc                Reserved280_IRQHandler
                0x1ffe05bc                Reserved268_IRQHandler
                0x1ffe05bc                DMA4_10_11_DriverIRQHandler
                0x1ffe05bc                DMA4_34_35_DriverIRQHandler
                0x1ffe05bc                Reserved176_IRQHandler
                0x1ffe05bc                Reserved233_IRQHandler
                0x1ffe05bc                Reserved224_IRQHandler
                0x1ffe05bc                FLEXIO2_DriverIRQHandler
                0x1ffe05bc                UsageFault_Handler
                0x1ffe05bc                WDOG1_IRQHandler
                0x1ffe05bc                Reserved265_IRQHandler
                0x1ffe05bc                Reserved235_IRQHandler
                0x1ffe05bc                Reserved57_IRQHandler
                0x1ffe05bc                Reserved257_IRQHandler
                0x1ffe05bc                DefaultISR
                0x1ffe05bc                Reserved250_IRQHandler
                0x1ffe05bc                Reserved58_IRQHandler
                0x1ffe05bc                Reserved264_IRQHandler
                0x1ffe05bc                Reserved261_IRQHandler
                0x1ffe05bc                Reserved284_IRQHandler
                0x1ffe05bc                I3C2_DriverIRQHandler
                0x1ffe05bc                Reserved230_IRQHandler
                0x1ffe05bc                Reserved279_IRQHandler
                0x1ffe05bc                Reserved182_IRQHandler
                0x1ffe05bc                DMA4_50_51_DriverIRQHandler
                0x1ffe05bc                Reserved180_IRQHandler
                0x1ffe05bc                Reserved267_IRQHandler
                0x1ffe05bc                Reserved239_IRQHandler
                0x1ffe05bc                MU1_B_IRQHandler
                0x1ffe05bc                Reserved177_IRQHandler
                0x1ffe05bc                WDOG4_IRQHandler
                0x1ffe05bc                Reserved283_IRQHandler
                0x1ffe05bc                DMA4_28_29_DriverIRQHandler
                0x1ffe05bc                Reserved228_IRQHandler
                0x1ffe05bc                DMA4_ERROR_DriverIRQHandler
                0x1ffe05bc                Reserved253_IRQHandler
                0x1ffe05bc                DMA4_6_7_DriverIRQHandler
                0x1ffe05bc                ENET_MAC0_Rx_Tx_Done2_DriverIRQHandler
                0x1ffe05bc                Reserved274_IRQHandler
                0x1ffe05bc                LPI2C6_DriverIRQHandler
                0x1ffe05bc                DMA4_56_57_DriverIRQHandler
                0x1ffe05bc                TPM2_IRQHandler
                0x1ffe05bc                FLEXIO1_DriverIRQHandler
                0x1ffe05bc                Reserved232_IRQHandler
                0x1ffe05bc                ENET_DriverIRQHandler
                0x1ffe05bc                Reserved43_IRQHandler
                0x1ffe05bc                DMA4_36_37_DriverIRQHandler
                0x1ffe05bc                Reserved21_IRQHandler
                0x1ffe05bc                DMA4_26_27_DriverIRQHandler
                0x1ffe05bc                SAI1_DriverIRQHandler
                0x1ffe05bc                Reserved278_IRQHandler
                0x1ffe05bc                Reserved277_IRQHandler
                0x1ffe05bc                DMA3_DriverIRQHandler
                0x1ffe05bc                TPM3_IRQHandler
                0x1ffe05bc                Reserved241_IRQHandler
                0x1ffe05bc                Reserved27_IRQHandler
                0x1ffe05bc                WDOG2_IRQHandler
                0x1ffe05bc                Reserved62_IRQHandler
                0x1ffe05bc                Reserved275_IRQHandler
                0x1ffe05bc                Reserved256_IRQHandler
                0x1ffe05bc                Reserved252_IRQHandler
                0x1ffe05bc                Reserved206_IRQHandler
                0x1ffe05bc                DMA4_18_19_DriverIRQHandler
                0x1ffe05bc                Reserved181_IRQHandler
                0x1ffe05bc                Reserved108_IRQHandler
                0x1ffe05bc                Reserved72_IRQHandler
                0x1ffe05bc                DMA4_12_13_DriverIRQHandler
                0x1ffe05bc                Reserved259_IRQHandler
                0x1ffe05bc                Reserved194_IRQHandler
                0x1ffe05bc                SecureFault_Handler
                0x1ffe05bc                DMA4_8_9_DriverIRQHandler
                0x1ffe05bc                PDM_ERROR_DriverIRQHandler
                0x1ffe05bc                Reserved66_IRQHandler
                0x1ffe05bc                Reserved20_IRQHandler
                0x1ffe05bc                Reserved249_IRQHandler
                0x1ffe05bc                Reserved107_IRQHandler
                0x1ffe05bc                LPSPI8_DriverIRQHandler
                0x1ffe05bc                Reserved98_IRQHandler
                0x1ffe05bc                Reserved17_IRQHandler
                0x1ffe05bc                Reserved189_IRQHandler
                0x1ffe05bc                Reserved47_IRQHandler
                0x1ffe05bc                Reserved271_IRQHandler
                0x1ffe05bc                Reserved258_IRQHandler
                0x1ffe05bc                CAN2_DriverIRQHandler
                0x1ffe05bc                DMA4_62_63_DriverIRQHandler
                0x1ffe05bc                CAN2_ERROR_DriverIRQHandler
                0x1ffe05bc                DMA4_44_45_DriverIRQHandler
                0x1ffe05bc                ENET_MAC0_Rx_Tx_Done1_DriverIRQHandler
                0x1ffe05bc                Reserved190_IRQHandler
                0x1ffe05bc                Reserved231_IRQHandler
                0x1ffe05bc                Reserved276_IRQHandler
                0x1ffe05bc                Reserved282_IRQHandler
                0x1ffe05bc                Reserved260_IRQHandler
                0x1ffe05bc                Reserved105_IRQHandler
                0x1ffe05bc                Reserved269_IRQHandler
                0x1ffe05bc                Reserved104_IRQHandler
                0x1ffe05bc                Reserved203_IRQHandler
                0x1ffe05bc                Reserved101_IRQHandler
                0x1ffe05bc                Reserved223_IRQHandler
                0x1ffe05bc                Reserved204_IRQHandler
                0x1ffe05bc                uSDHC3_DriverIRQHandler
                0x1ffe05bc                Reserved41_IRQHandler
                0x1ffe05bc                DMA4_60_61_DriverIRQHandler
                0x1ffe05bc                MemManage_Handler
                0x1ffe05bc                Reserved90_IRQHandler
                0x1ffe05bc                SAI2_DriverIRQHandler
                0x1ffe05bc                LPSPI6_DriverIRQHandler
                0x1ffe05bc                Reserved242_IRQHandler
                0x1ffe05bc                Reserved205_IRQHandler
                0x1ffe05bc                TPM6_IRQHandler
                0x1ffe05bc                Reserved48_IRQHandler
                0x1ffe05bc                PDM_EVENT_DriverIRQHandler
                0x1ffe05bc                ENET_QOS_PMT_IRQHandler
                0x1ffe05bc                Reserved185_IRQHandler
                0x1ffe05bc                DMA4_54_55_DriverIRQHandler
                0x1ffe05bc                Reserved222_IRQHandler
                0x1ffe05bc                MU2_B_IRQHandler
                0x1ffe05bc                SAI3_DriverIRQHandler
                0x1ffe05bc                Reserved254_IRQHandler
                0x1ffe05bc                Reserved109_IRQHandler
                0x1ffe05bc                Reserved244_IRQHandler
                0x1ffe05bc                DMA4_32_33_DriverIRQHandler
                0x1ffe05bc                ISI_IRQHandler
                0x1ffe05bc                DMA4_24_25_DriverIRQHandler
                0x1ffe05bc                Reserved255_IRQHandler
                0x1ffe05bc                DMA4_2_3_DriverIRQHandler
                0x1ffe05bc                LPI2C1_DriverIRQHandler
                0x1ffe05bc                Reserved262_IRQHandler
                0x1ffe05bc                DMA4_48_49_DriverIRQHandler
                0x1ffe05bc                Reserved142_IRQHandler
                0x1ffe05bc                Reserved184_IRQHandler
                0x1ffe05bc                Reserved100_IRQHandler
                0x1ffe05bc                LPSPI7_DriverIRQHandler
                0x1ffe05bc                LPSPI1_DriverIRQHandler
                0x1ffe05bc                Reserved26_IRQHandler
                0x1ffe05bc                Reserved245_IRQHandler
                0x1ffe05bc                DSI_IRQHandler
                0x1ffe05bc                Reserved251_IRQHandler
                0x1ffe05bc                Reserved46_IRQHandler
                0x1ffe05bc                Reserved202_IRQHandler
                0x1ffe05bc                Reserved273_IRQHandler
                0x1ffe05bc                Reserved246_IRQHandler
                0x1ffe05bc                ENET_QOS_DriverIRQHandler
                0x1ffe05bc                TPM4_IRQHandler
                0x1ffe05bc                LPSPI5_DriverIRQHandler
                0x1ffe05bc                Reserved270_IRQHandler
                0x1ffe05bc                Reserved23_IRQHandler
                0x1ffe05bc                Reserved266_IRQHandler
                0x1ffe05bc                Reserved240_IRQHandler
                0x1ffe05bc                Reserved45_IRQHandler
                0x1ffe05bc                DMA4_4_5_DriverIRQHandler
                0x1ffe05bc                LPI2C4_DriverIRQHandler
                0x1ffe05bc                DMA4_38_39_DriverIRQHandler
                0x1ffe05bc                Reserved73_IRQHandler
                0x1ffe05bc                DMA4_30_31_DriverIRQHandler
                0x1ffe05bc                TEMPMON_IRQHandler
                0x1ffe05bc                TPM1_IRQHandler
                0x1ffe05bc                Reserved106_IRQHandler
                0x1ffe05bc                uSDHC1_DriverIRQHandler
                0x1ffe05bc                DMA4_22_23_DriverIRQHandler
                0x1ffe05bc                uSDHC2_DriverIRQHandler
                0x1ffe05bc                Reserved51_IRQHandler
                0x1ffe05bc                Reserved192_IRQHandler
                0x1ffe05bc                LPIT1_IRQHandler
                0x1ffe05bc                CAN1_ERROR_DriverIRQHandler
                0x1ffe05bc                Reserved44_IRQHandler
                0x1ffe05bc                DMA4_42_43_DriverIRQHandler
                0x1ffe05bc                WDOG5_IRQHandler
                0x1ffe05bc                Reserved63_IRQHandler
                0x1ffe05bc                I3C1_DriverIRQHandler
                0x1ffe05bc                Reserved247_IRQHandler
                0x1ffe05bc                MU1_A_IRQHandler
                0x1ffe05bc                TPM5_IRQHandler
                0x1ffe05bc                DMA4_16_17_DriverIRQHandler
                0x1ffe05bc                BusFault_Handler
                0x1ffe05bc                DMA4_46_47_DriverIRQHandler
                0x1ffe05bc                PDM_HWVAD_ERROR_DriverIRQHandler
                0x1ffe05bc                LPSPI3_DriverIRQHandler
                0x1ffe05bc                Reserved201_IRQHandler
                0x1ffe05bc                PDM_HWVAD_EVENT_DriverIRQHandler
                0x1ffe05bc                LPI2C2_DriverIRQHandler
                0x1ffe05bc                DMA4_40_41_DriverIRQHandler
                0x1ffe05bc                WDOG3_IRQHandler
                0x1ffe05bc                LPTMR1_IRQHandler
                0x1ffe05bc                CAN1_DriverIRQHandler
                0x1ffe05bc                Reserved49_IRQHandler
                0x1ffe05bc                FlexSPI1_DriverIRQHandler
                0x1ffe05bc                Reserved281_IRQHandler
                0x1ffe05bc                LPI2C7_DriverIRQHandler
                0x1ffe05bc                Reserved219_IRQHandler
                0x1ffe05bc                Reserved237_IRQHandler
                0x1ffe05bc                LPI2C8_DriverIRQHandler
                0x1ffe05c0                NMI_Handler
                0x1ffe05c4                HardFault_Handler
                0x1ffe05c8                SVC_Handler
                0x1ffe05cc                PendSV_Handler
                0x1ffe05d0                SysTick_Handler
                0x1ffe05d4                CAN1_IRQHandler
                0x1ffe05d8                CAN1_ERROR_IRQHandler
                0x1ffe05dc                I3C1_IRQHandler
                0x1ffe05e0                LPI2C1_IRQHandler
                0x1ffe05e4                LPI2C2_IRQHandler
                0x1ffe05e8                LPSPI1_IRQHandler
                0x1ffe05ec                LPSPI2_IRQHandler
                0x1ffe05f0                LPUART1_IRQHandler
                0x1ffe05f4                LPUART2_IRQHandler
                0x1ffe05f8                SAI1_IRQHandler
                0x1ffe05fc                CAN2_IRQHandler
                0x1ffe0600                CAN2_ERROR_IRQHandler
                0x1ffe0604                FLEXIO1_IRQHandler
                0x1ffe0608                FLEXIO2_IRQHandler
                0x1ffe060c                FlexSPI1_IRQHandler
                0x1ffe0610                I3C2_IRQHandler
                0x1ffe0614                LPI2C3_IRQHandler
                0x1ffe0618                LPI2C4_IRQHandler
                0x1ffe061c                LPSPI3_IRQHandler
                0x1ffe0620                LPSPI4_IRQHandler
                0x1ffe0624                LPUART3_IRQHandler
                0x1ffe0628                LPUART4_IRQHandler
                0x1ffe062c                LPUART5_IRQHandler
                0x1ffe0630                LPUART6_IRQHandler
                0x1ffe0634                uSDHC1_IRQHandler
                0x1ffe0638                uSDHC2_IRQHandler
                0x1ffe063c                DMA3_ERROR_IRQHandler
                0x1ffe0644                DMA3_0_IRQHandler
                0x1ffe0650                DMA3_1_IRQHandler
                0x1ffe065c                DMA3_2_IRQHandler
                0x1ffe0668                DMA3_3_IRQHandler
                0x1ffe0674                DMA3_4_IRQHandler
                0x1ffe0680                DMA3_5_IRQHandler
                0x1ffe068c                DMA3_6_IRQHandler
                0x1ffe0698                DMA3_7_IRQHandler
                0x1ffe06a4                DMA3_8_IRQHandler
                0x1ffe06b0                DMA3_9_IRQHandler
                0x1ffe06bc                DMA3_10_IRQHandler
                0x1ffe06c8                DMA3_11_IRQHandler
                0x1ffe06d4                DMA3_12_IRQHandler
                0x1ffe06e0                DMA3_13_IRQHandler
                0x1ffe06ec                DMA3_14_IRQHandler
                0x1ffe06f8                DMA3_15_IRQHandler
                0x1ffe0704                DMA3_16_IRQHandler
                0x1ffe0710                DMA3_17_IRQHandler
                0x1ffe071c                DMA3_18_IRQHandler
                0x1ffe0728                DMA3_19_IRQHandler
                0x1ffe0734                DMA3_20_IRQHandler
                0x1ffe0740                DMA3_21_IRQHandler
                0x1ffe074c                DMA3_22_IRQHandler
                0x1ffe0758                DMA3_23_IRQHandler
                0x1ffe0764                DMA3_24_IRQHandler
                0x1ffe0770                DMA3_25_IRQHandler
                0x1ffe077c                DMA3_26_IRQHandler
                0x1ffe0788                DMA3_27_IRQHandler
                0x1ffe0794                DMA3_28_IRQHandler
                0x1ffe07a0                DMA3_29_IRQHandler
                0x1ffe07ac                DMA3_30_IRQHandler
                0x1ffe07b8                DMA4_ERROR_IRQHandler
                0x1ffe07bc                DMA4_0_1_IRQHandler
                0x1ffe07c0                DMA4_2_3_IRQHandler
                0x1ffe07c4                DMA4_4_5_IRQHandler
                0x1ffe07c8                DMA4_6_7_IRQHandler
                0x1ffe07cc                DMA4_8_9_IRQHandler
                0x1ffe07d0                DMA4_10_11_IRQHandler
                0x1ffe07d4                DMA4_12_13_IRQHandler
                0x1ffe07d8                DMA4_14_15_IRQHandler
                0x1ffe07dc                DMA4_16_17_IRQHandler
                0x1ffe07e0                DMA4_18_19_IRQHandler
                0x1ffe07e4                DMA4_20_21_IRQHandler
                0x1ffe07e8                DMA4_22_23_IRQHandler
                0x1ffe07ec                DMA4_24_25_IRQHandler
                0x1ffe07f0                DMA4_26_27_IRQHandler
                0x1ffe07f4                DMA4_28_29_IRQHandler
                0x1ffe07f8                DMA4_30_31_IRQHandler
                0x1ffe07fc                DMA4_32_33_IRQHandler
                0x1ffe0800                DMA4_34_35_IRQHandler
                0x1ffe0804                DMA4_36_37_IRQHandler
                0x1ffe0808                DMA4_38_39_IRQHandler
                0x1ffe080c                DMA4_40_41_IRQHandler
                0x1ffe0810                DMA4_42_43_IRQHandler
                0x1ffe0814                DMA4_44_45_IRQHandler
                0x1ffe0818                DMA4_46_47_IRQHandler
                0x1ffe081c                DMA4_48_49_IRQHandler
                0x1ffe0820                DMA4_50_51_IRQHandler
                0x1ffe0824                DMA4_52_53_IRQHandler
                0x1ffe0828                DMA4_54_55_IRQHandler
                0x1ffe082c                DMA4_56_57_IRQHandler
                0x1ffe0830                DMA4_58_59_IRQHandler
                0x1ffe0834                DMA4_60_61_IRQHandler
                0x1ffe0838                DMA4_62_63_IRQHandler
                0x1ffe083c                SAI2_IRQHandler
                0x1ffe0840                SAI3_IRQHandler
                0x1ffe0844                ENET_MAC0_Rx_Tx_Done1_IRQHandler
                0x1ffe0848                ENET_MAC0_Rx_Tx_Done2_IRQHandler
                0x1ffe084c                ENET_IRQHandler
                0x1ffe0850                ENET_1588_IRQHandler
                0x1ffe0854                ENET_QOS_IRQHandler
                0x1ffe0858                LPSPI5_IRQHandler
                0x1ffe085c                LPSPI6_IRQHandler
                0x1ffe0860                LPSPI7_IRQHandler
                0x1ffe0864                LPSPI8_IRQHandler
                0x1ffe0868                LPI2C5_IRQHandler
                0x1ffe086c                LPI2C6_IRQHandler
                0x1ffe0870                LPI2C7_IRQHandler
                0x1ffe0874                LPI2C8_IRQHandler
                0x1ffe0878                PDM_HWVAD_ERROR_IRQHandler
                0x1ffe087c                PDM_HWVAD_EVENT_IRQHandler
                0x1ffe0880                PDM_ERROR_IRQHandler
                0x1ffe0884                PDM_EVENT_IRQHandler
                0x1ffe0888                uSDHC3_IRQHandler
                0x1ffe088c                LPUART7_IRQHandler
                0x1ffe0890                LPUART8_IRQHandler
 .text          0x1ffe09f0       0xa0 CMakeFiles/hello_world_s.elf.dir/home/rejoice/new/My_ethosu_firmware/devices/MIMX9352/utilities/fsl_memcpy.S.obj
                0x1ffe09f0                memcpy
 .text          0x1ffe0a90       0x10 /home/rejoice/.mcuxpressotools/arm-gnu-toolchain-13.2.Rel1-x86_64-arm-none-eabi/bin/../lib/gcc/arm-none-eabi/13.2.1/../../../../arm-none-eabi/lib/thumb/v8-m.main+fp/hard/libc_nano.a(libc_a-strlen.o)
                0x1ffe0a90                strlen
 .text          0x1ffe0aa0       0x5c /home/rejoice/.mcuxpressotools/arm-gnu-toolchain-13.2.Rel1-x86_64-arm-none-eabi/bin/../lib/gcc/arm-none-eabi/13.2.1/thumb/v8-m.main+fp/hard/libgcc.a(cmse_nonsecure_call.o)
                0x1ffe0aa0                __gnu_cmse_nonsecure_call
 *(.text*)
 .text.deregister_tm_clones
                0x1ffe0afc       0x1c /home/rejoice/.mcuxpressotools/arm-gnu-toolchain-13.2.Rel1-x86_64-arm-none-eabi/bin/../lib/gcc/arm-none-eabi/13.2.1/thumb/v8-m.main+fp/hard/crtbegin.o
 .text.register_tm_clones
                0x1ffe0b18       0x28 /home/rejoice/.mcuxpressotools/arm-gnu-toolchain-13.2.Rel1-x86_64-arm-none-eabi/bin/../lib/gcc/arm-none-eabi/13.2.1/thumb/v8-m.main+fp/hard/crtbegin.o
 .text.__do_global_dtors_aux
                0x1ffe0b40       0x28 /home/rejoice/.mcuxpressotools/arm-gnu-toolchain-13.2.Rel1-x86_64-arm-none-eabi/bin/../lib/gcc/arm-none-eabi/13.2.1/thumb/v8-m.main+fp/hard/crtbegin.o
 .text.frame_dummy
                0x1ffe0b68       0x24 /home/rejoice/.mcuxpressotools/arm-gnu-toolchain-13.2.Rel1-x86_64-arm-none-eabi/bin/../lib/gcc/arm-none-eabi/13.2.1/thumb/v8-m.main+fp/hard/crtbegin.o
 .text.SystemInitHook
                0x1ffe0b8c        0x4 CMakeFiles/hello_world_s.elf.dir/home/rejoice/new/My_ethosu_firmware/boards/mcimx93evk/trustzone_examples/hello_world/hello_world_s/hello_world_s.c.obj
                0x1ffe0b8c                SystemInitHook
 .text.startup.main
                0x1ffe0b90       0x3c CMakeFiles/hello_world_s.elf.dir/home/rejoice/new/My_ethosu_firmware/boards/mcimx93evk/trustzone_examples/hello_world/hello_world_s/hello_world_s.c.obj
                0x1ffe0b90                main
 .text.print_memory
                0x1ffe0bcc       0x44 CMakeFiles/hello_world_s.elf.dir/home/rejoice/new/My_ethosu_firmware/boards/mcimx93evk/trustzone_examples/hello_world/hello_world_s/replay.c.obj
                0x1ffe0bcc                print_memory
 .text.replay_handle_interrupt
                0x1ffe0c10       0xa8 CMakeFiles/hello_world_s.elf.dir/home/rejoice/new/My_ethosu_firmware/boards/mcimx93evk/trustzone_examples/hello_world/hello_world_s/replay.c.obj
                0x1ffe0c10                replay_handle_interrupt
 .text.register_access
                0x1ffe0cb8       0x9c CMakeFiles/hello_world_s.elf.dir/home/rejoice/new/My_ethosu_firmware/boards/mcimx93evk/trustzone_examples/hello_world/hello_world_s/replay.c.obj
                0x1ffe0cb8                register_access
 .text.replay_initialization_verification
                0x1ffe0d54       0x54 CMakeFiles/hello_world_s.elf.dir/home/rejoice/new/My_ethosu_firmware/boards/mcimx93evk/trustzone_examples/hello_world/hello_world_s/replay.c.obj
                0x1ffe0d54                replay_initialization_verification
 .text.replay_inference
                0x1ffe0da8       0x1c CMakeFiles/hello_world_s.elf.dir/home/rejoice/new/My_ethosu_firmware/boards/mcimx93evk/trustzone_examples/hello_world/hello_world_s/replay.c.obj
                0x1ffe0da8                replay_inference
 .text.BOARD_InitPins
                0x1ffe0dc4       0x20 CMakeFiles/hello_world_s.elf.dir/home/rejoice/new/My_ethosu_firmware/boards/mcimx93evk/trustzone_examples/hello_world/hello_world_s/pin_mux.c.obj
                0x1ffe0dc4                BOARD_InitPins
 .text.BOARD_InitBootPins
                0x1ffe0de4        0x4 CMakeFiles/hello_world_s.elf.dir/home/rejoice/new/My_ethosu_firmware/boards/mcimx93evk/trustzone_examples/hello_world/hello_world_s/pin_mux.c.obj
                0x1ffe0de4                BOARD_InitBootPins
 .text.BOARD_ReleaseTRDC
                0x1ffe0de8        0x6 CMakeFiles/hello_world_s.elf.dir/home/rejoice/new/My_ethosu_firmware/boards/mcimx93evk/trustzone_examples/hello_world/hello_world_s/tzm_config.c.obj
                0x1ffe0de8                BOARD_ReleaseTRDC
 *fill*         0x1ffe0dee        0x2 
 .text.App_SetTrdcMBCNSE
                0x1ffe0df0       0x48 CMakeFiles/hello_world_s.elf.dir/home/rejoice/new/My_ethosu_firmware/boards/mcimx93evk/trustzone_examples/hello_world/hello_world_s/tzm_config.c.obj
                0x1ffe0df0                App_SetTrdcMBCNSE
 .text.APP_SetTrdcGlobalConfig
                0x1ffe0e38       0x30 CMakeFiles/hello_world_s.elf.dir/home/rejoice/new/My_ethosu_firmware/boards/mcimx93evk/trustzone_examples/hello_world/hello_world_s/tzm_config.c.obj
                0x1ffe0e38                APP_SetTrdcGlobalConfig
 .text.BOARD_InitTrustZone
                0x1ffe0e68       0xb0 CMakeFiles/hello_world_s.elf.dir/home/rejoice/new/My_ethosu_firmware/boards/mcimx93evk/trustzone_examples/hello_world/hello_world_s/tzm_config.c.obj
                0x1ffe0e68                BOARD_InitTrustZone
 .text.strnlen  0x1ffe0f18       0x10 CMakeFiles/hello_world_s.elf.dir/home/rejoice/new/My_ethosu_firmware/boards/mcimx93evk/trustzone_examples/hello_world/hello_world_s/veneer_table.c.obj
                0x1ffe0f18                strnlen
 .text.DbgConsole_Printf_NSE
                0x1ffe0f28       0xb0 CMakeFiles/hello_world_s.elf.dir/home/rejoice/new/My_ethosu_firmware/boards/mcimx93evk/trustzone_examples/hello_world/hello_world_s/veneer_table.c.obj
                0x1ffe0f28                __acle_se_DbgConsole_Printf_NSE
 .text.StringCompare_NSE
                0x1ffe0fd8      0x14c CMakeFiles/hello_world_s.elf.dir/home/rejoice/new/My_ethosu_firmware/boards/mcimx93evk/trustzone_examples/hello_world/hello_world_s/veneer_table.c.obj
                0x1ffe0fd8                __acle_se_StringCompare_NSE
 .text.TZM_JumpToNormalWorld
                0x1ffe1124       0x64 CMakeFiles/hello_world_s.elf.dir/home/rejoice/new/My_ethosu_firmware/boards/mcimx93evk/trustzone_examples/hello_world/hello_world_s/tzm_api.c.obj
                0x1ffe1124                TZM_JumpToNormalWorld
 .text.BOARD_InitDebugConsole
                0x1ffe1188       0x4c CMakeFiles/hello_world_s.elf.dir/home/rejoice/new/My_ethosu_firmware/boards/mcimx93evk/trustzone_examples/hello_world/hello_world_s/board.c.obj
                0x1ffe1188                BOARD_InitDebugConsole
 .text.BOARD_BootClockRUN
                0x1ffe11d4       0x94 CMakeFiles/hello_world_s.elf.dir/home/rejoice/new/My_ethosu_firmware/boards/mcimx93evk/trustzone_examples/hello_world/hello_world_s/clock_config.c.obj
                0x1ffe11d4                BOARD_BootClockRUN
 .text.HAL_UartInit
                0x1ffe1268       0x9c CMakeFiles/hello_world_s.elf.dir/home/rejoice/new/My_ethosu_firmware/components/uart/fsl_adapter_lpuart.c.obj
                0x1ffe1268                HAL_UartInit
 .text.HAL_UartReceiveBlocking
                0x1ffe1304       0x20 CMakeFiles/hello_world_s.elf.dir/home/rejoice/new/My_ethosu_firmware/components/uart/fsl_adapter_lpuart.c.obj
                0x1ffe1304                HAL_UartReceiveBlocking
 .text.HAL_UartSendBlocking
                0x1ffe1324       0x18 CMakeFiles/hello_world_s.elf.dir/home/rejoice/new/My_ethosu_firmware/components/uart/fsl_adapter_lpuart.c.obj
                0x1ffe1324                HAL_UartSendBlocking
 .text.SystemInit
                0x1ffe133c       0x2c CMakeFiles/hello_world_s.elf.dir/home/rejoice/new/My_ethosu_firmware/devices/MIMX9352/system_MIMX9352_cm33.c.obj
                0x1ffe133c                SystemInit
 .text.CLOCK_GetIpFreq
                0x1ffe1368       0x34 CMakeFiles/hello_world_s.elf.dir/home/rejoice/new/My_ethosu_firmware/devices/MIMX9352/drivers/fsl_clock.c.obj
                0x1ffe1368                CLOCK_GetIpFreq
 .text.LPUART_GetInstance
                0x1ffe139c       0x30 CMakeFiles/hello_world_s.elf.dir/home/rejoice/new/My_ethosu_firmware/devices/MIMX9352/drivers/fsl_lpuart.c.obj
                0x1ffe139c                LPUART_GetInstance
 .text.LPUART_Init
                0x1ffe13cc      0x1ac CMakeFiles/hello_world_s.elf.dir/home/rejoice/new/My_ethosu_firmware/devices/MIMX9352/drivers/fsl_lpuart.c.obj
                0x1ffe13cc                LPUART_Init
 .text.LPUART_GetDefaultConfig
                0x1ffe1578       0x1e CMakeFiles/hello_world_s.elf.dir/home/rejoice/new/My_ethosu_firmware/devices/MIMX9352/drivers/fsl_lpuart.c.obj
                0x1ffe1578                LPUART_GetDefaultConfig
 *fill*         0x1ffe1596        0x2 
 .text.LPUART_GetStatusFlags
                0x1ffe1598       0x18 CMakeFiles/hello_world_s.elf.dir/home/rejoice/new/My_ethosu_firmware/devices/MIMX9352/drivers/fsl_lpuart.c.obj
                0x1ffe1598                LPUART_GetStatusFlags
 .text.LPUART_ClearStatusFlags
                0x1ffe15b0       0x3c CMakeFiles/hello_world_s.elf.dir/home/rejoice/new/My_ethosu_firmware/devices/MIMX9352/drivers/fsl_lpuart.c.obj
                0x1ffe15b0                LPUART_ClearStatusFlags
 .text.LPUART_WriteBlocking
                0x1ffe15ec       0x1e CMakeFiles/hello_world_s.elf.dir/home/rejoice/new/My_ethosu_firmware/devices/MIMX9352/drivers/fsl_lpuart.c.obj
                0x1ffe15ec                LPUART_WriteBlocking
 .text.LPUART_ReadBlocking
                0x1ffe160a       0xc2 CMakeFiles/hello_world_s.elf.dir/home/rejoice/new/My_ethosu_firmware/devices/MIMX9352/drivers/fsl_lpuart.c.obj
                0x1ffe160a                LPUART_ReadBlocking
 .text.LPUART1_DriverIRQHandler
                0x1ffe16cc       0x18 CMakeFiles/hello_world_s.elf.dir/home/rejoice/new/My_ethosu_firmware/devices/MIMX9352/drivers/fsl_lpuart.c.obj
                0x1ffe16cc                LPUART1_DriverIRQHandler
 .text.LPUART2_DriverIRQHandler
                0x1ffe16e4       0x18 CMakeFiles/hello_world_s.elf.dir/home/rejoice/new/My_ethosu_firmware/devices/MIMX9352/drivers/fsl_lpuart.c.obj
                0x1ffe16e4                LPUART2_DriverIRQHandler
 .text.LPUART3_DriverIRQHandler
                0x1ffe16fc       0x18 CMakeFiles/hello_world_s.elf.dir/home/rejoice/new/My_ethosu_firmware/devices/MIMX9352/drivers/fsl_lpuart.c.obj
                0x1ffe16fc                LPUART3_DriverIRQHandler
 .text.LPUART4_DriverIRQHandler
                0x1ffe1714       0x18 CMakeFiles/hello_world_s.elf.dir/home/rejoice/new/My_ethosu_firmware/devices/MIMX9352/drivers/fsl_lpuart.c.obj
                0x1ffe1714                LPUART4_DriverIRQHandler
 .text.LPUART5_DriverIRQHandler
                0x1ffe172c       0x18 CMakeFiles/hello_world_s.elf.dir/home/rejoice/new/My_ethosu_firmware/devices/MIMX9352/drivers/fsl_lpuart.c.obj
                0x1ffe172c                LPUART5_DriverIRQHandler
 .text.LPUART6_DriverIRQHandler
                0x1ffe1744       0x18 CMakeFiles/hello_world_s.elf.dir/home/rejoice/new/My_ethosu_firmware/devices/MIMX9352/drivers/fsl_lpuart.c.obj
                0x1ffe1744                LPUART6_DriverIRQHandler
 .text.LPUART7_DriverIRQHandler
                0x1ffe175c       0x18 CMakeFiles/hello_world_s.elf.dir/home/rejoice/new/My_ethosu_firmware/devices/MIMX9352/drivers/fsl_lpuart.c.obj
                0x1ffe175c                LPUART7_DriverIRQHandler
 .text.LPUART8_DriverIRQHandler
                0x1ffe1774       0x18 CMakeFiles/hello_world_s.elf.dir/home/rejoice/new/My_ethosu_firmware/devices/MIMX9352/drivers/fsl_lpuart.c.obj
                0x1ffe1774                LPUART8_DriverIRQHandler
 .text.SENTINEL_SendMessage
                0x1ffe178c       0x34 CMakeFiles/hello_world_s.elf.dir/home/rejoice/new/My_ethosu_firmware/devices/MIMX9352/drivers/fsl_sentinel.c.obj
                0x1ffe178c                SENTINEL_SendMessage
 .text.SENTINEL_ReceiveMessage
                0x1ffe17c0       0x78 CMakeFiles/hello_world_s.elf.dir/home/rejoice/new/My_ethosu_firmware/devices/MIMX9352/drivers/fsl_sentinel.c.obj
                0x1ffe17c0                SENTINEL_ReceiveMessage
 .text.SENTINEL_Command
                0x1ffe1838       0x5c CMakeFiles/hello_world_s.elf.dir/home/rejoice/new/My_ethosu_firmware/devices/MIMX9352/drivers/fsl_sentinel.c.obj
                0x1ffe1838                SENTINEL_Command
 .text.SENTINEL_ReleaseRDC
                0x1ffe1894       0x48 CMakeFiles/hello_world_s.elf.dir/home/rejoice/new/My_ethosu_firmware/devices/MIMX9352/drivers/fsl_sentinel.c.obj
                0x1ffe1894                SENTINEL_ReleaseRDC
 .text.TRDC_MbcSetMemoryBlockConfig
                0x1ffe18dc       0x56 CMakeFiles/hello_world_s.elf.dir/home/rejoice/new/My_ethosu_firmware/devices/MIMX9352/drivers/fsl_trdc.c.obj
                0x1ffe18dc                TRDC_MbcSetMemoryBlockConfig
 .text.DbgConsole_ConvertRadixNumToString.isra.0
                0x1ffe1932       0x3e CMakeFiles/hello_world_s.elf.dir/home/rejoice/new/My_ethosu_firmware/devices/MIMX9352/utilities/debug_console_lite/fsl_debug_console.c.obj
 .text.DbgConsole_Init
                0x1ffe1970       0x50 CMakeFiles/hello_world_s.elf.dir/home/rejoice/new/My_ethosu_firmware/devices/MIMX9352/utilities/debug_console_lite/fsl_debug_console.c.obj
                0x1ffe1970                DbgConsole_Init
 .text.DbgConsole_Putchar
                0x1ffe19c0       0x24 CMakeFiles/hello_world_s.elf.dir/home/rejoice/new/My_ethosu_firmware/devices/MIMX9352/utilities/debug_console_lite/fsl_debug_console.c.obj
                0x1ffe19c0                DbgConsole_Putchar
 .text.DbgConsole_Vprintf
                0x1ffe19e4      0x1e4 CMakeFiles/hello_world_s.elf.dir/home/rejoice/new/My_ethosu_firmware/devices/MIMX9352/utilities/debug_console_lite/fsl_debug_console.c.obj
                0x1ffe19e4                DbgConsole_Vprintf
 .text.DbgConsole_Printf
                0x1ffe1bc8       0x1a CMakeFiles/hello_world_s.elf.dir/home/rejoice/new/My_ethosu_firmware/devices/MIMX9352/utilities/debug_console_lite/fsl_debug_console.c.obj
                0x1ffe1bc8                DbgConsole_Printf
 *fill*         0x1ffe1be2        0x2 
 .text.exit     0x1ffe1be4       0x24 /home/rejoice/.mcuxpressotools/arm-gnu-toolchain-13.2.Rel1-x86_64-arm-none-eabi/bin/../lib/gcc/arm-none-eabi/13.2.1/../../../../arm-none-eabi/lib/thumb/v8-m.main+fp/hard/libc_nano.a(libc_a-exit.o)
                0x1ffe1be4                exit
 .text.__libc_init_array
                0x1ffe1c08       0x48 /home/rejoice/.mcuxpressotools/arm-gnu-toolchain-13.2.Rel1-x86_64-arm-none-eabi/bin/../lib/gcc/arm-none-eabi/13.2.1/../../../../arm-none-eabi/lib/thumb/v8-m.main+fp/hard/libc_nano.a(libc_a-init.o)
                0x1ffe1c08                __libc_init_array
 .text.memset   0x1ffe1c50       0x10 /home/rejoice/.mcuxpressotools/arm-gnu-toolchain-13.2.Rel1-x86_64-arm-none-eabi/bin/../lib/gcc/arm-none-eabi/13.2.1/../../../../arm-none-eabi/lib/thumb/v8-m.main+fp/hard/libc_nano.a(libc_a-memset.o)
                0x1ffe1c50                memset
 .text.cmse_check_address_range
                0x1ffe1c60       0xe4 /home/rejoice/.mcuxpressotools/arm-gnu-toolchain-13.2.Rel1-x86_64-arm-none-eabi/bin/../lib/gcc/arm-none-eabi/13.2.1/thumb/v8-m.main+fp/hard/libgcc.a(cmse.o)
                0x1ffe1c60                cmse_check_address_range
 .text._exit    0x1ffe1d44        0x4 /home/rejoice/.mcuxpressotools/arm-gnu-toolchain-13.2.Rel1-x86_64-arm-none-eabi/bin/../lib/gcc/arm-none-eabi/13.2.1/../../../../arm-none-eabi/lib/thumb/v8-m.main+fp/hard/libnosys.a(_exit.o)
                0x1ffe1d44                _exit
 *(.rodata)
 *(.rodata*)
 .rodata.main.str1.1
                0x1ffe1d48      0x253 CMakeFiles/hello_world_s.elf.dir/home/rejoice/new/My_ethosu_firmware/boards/mcimx93evk/trustzone_examples/hello_world/hello_world_s/hello_world_s.c.obj
                                 0x34 (size before relaxing)
 .rodata.print_memory.str1.1
                0x1ffe1f9b        0x9 CMakeFiles/hello_world_s.elf.dir/home/rejoice/new/My_ethosu_firmware/boards/mcimx93evk/trustzone_examples/hello_world/hello_world_s/replay.c.obj
 .rodata.replay_handle_interrupt.str1.1
                0x1ffe1f9b       0xbc CMakeFiles/hello_world_s.elf.dir/home/rejoice/new/My_ethosu_firmware/boards/mcimx93evk/trustzone_examples/hello_world/hello_world_s/replay.c.obj
 .rodata.replay_initialization_verification.str1.1
                0x1ffe1f9b       0x1c CMakeFiles/hello_world_s.elf.dir/home/rejoice/new/My_ethosu_firmware/boards/mcimx93evk/trustzone_examples/hello_world/hello_world_s/replay.c.obj
 .rodata.DbgConsole_Printf_NSE.str1.1
                0x1ffe1f9b       0x5a CMakeFiles/hello_world_s.elf.dir/home/rejoice/new/My_ethosu_firmware/boards/mcimx93evk/trustzone_examples/hello_world/hello_world_s/veneer_table.c.obj
 .rodata.StringCompare_NSE.str1.1
                0x1ffe1f9b       0xe9 CMakeFiles/hello_world_s.elf.dir/home/rejoice/new/My_ethosu_firmware/boards/mcimx93evk/trustzone_examples/hello_world/hello_world_s/veneer_table.c.obj
 *fill*         0x1ffe1f9b        0x1 
 .rodata.s_LpuartAdapterBase
                0x1ffe1f9c       0x24 CMakeFiles/hello_world_s.elf.dir/home/rejoice/new/My_ethosu_firmware/components/uart/fsl_adapter_lpuart.c.obj
 .rodata.s_clockSourceName
                0x1ffe1fc0      0x17c CMakeFiles/hello_world_s.elf.dir/home/rejoice/new/My_ethosu_firmware/devices/MIMX9352/drivers/fsl_clock.c.obj
                0x1ffe1fc0                s_clockSourceName
 .rodata.s_lpuartClock
                0x1ffe213c        0x9 CMakeFiles/hello_world_s.elf.dir/home/rejoice/new/My_ethosu_firmware/devices/MIMX9352/drivers/fsl_lpuart.c.obj
 *fill*         0x1ffe2145        0x3 
 .rodata.s_lpuartBases
                0x1ffe2148       0x24 CMakeFiles/hello_world_s.elf.dir/home/rejoice/new/My_ethosu_firmware/devices/MIMX9352/drivers/fsl_lpuart.c.obj
 .rodata.s_lpuartBases_ns
                0x1ffe216c       0x24 CMakeFiles/hello_world_s.elf.dir/home/rejoice/new/My_ethosu_firmware/devices/MIMX9352/drivers/fsl_lpuart.c.obj
 *(.glue_7)
 .glue_7        0x1ffe2190        0x0 linker stubs
 *(.glue_7t)
 .glue_7t       0x1ffe2190        0x0 linker stubs
 *(.eh_frame)
 .eh_frame      0x1ffe2190        0x0 /home/rejoice/.mcuxpressotools/arm-gnu-toolchain-13.2.Rel1-x86_64-arm-none-eabi/bin/../lib/gcc/arm-none-eabi/13.2.1/thumb/v8-m.main+fp/hard/crtbegin.o
 *(.init)
 .init          0x1ffe2190        0x4 /home/rejoice/.mcuxpressotools/arm-gnu-toolchain-13.2.Rel1-x86_64-arm-none-eabi/bin/../lib/gcc/arm-none-eabi/13.2.1/thumb/v8-m.main+fp/hard/crti.o
                0x1ffe2190                _init
 .init          0x1ffe2194        0x8 /home/rejoice/.mcuxpressotools/arm-gnu-toolchain-13.2.Rel1-x86_64-arm-none-eabi/bin/../lib/gcc/arm-none-eabi/13.2.1/thumb/v8-m.main+fp/hard/crtn.o
 *(.fini)
 .fini          0x1ffe219c        0x4 /home/rejoice/.mcuxpressotools/arm-gnu-toolchain-13.2.Rel1-x86_64-arm-none-eabi/bin/../lib/gcc/arm-none-eabi/13.2.1/thumb/v8-m.main+fp/hard/crti.o
                0x1ffe219c                _fini
 .fini          0x1ffe21a0        0x8 /home/rejoice/.mcuxpressotools/arm-gnu-toolchain-13.2.Rel1-x86_64-arm-none-eabi/bin/../lib/gcc/arm-none-eabi/13.2.1/thumb/v8-m.main+fp/hard/crtn.o
                0x1ffe21a8                        . = ALIGN (0x4)

.vfp11_veneer   0x1ffe21a8        0x0
 .vfp11_veneer  0x1ffe21a8        0x0 linker stubs

.v4_bx          0x1ffe21a8        0x0
 .v4_bx         0x1ffe21a8        0x0 linker stubs

.iplt           0x1ffe21a8        0x0
 .iplt          0x1ffe21a8        0x0 /home/rejoice/.mcuxpressotools/arm-gnu-toolchain-13.2.Rel1-x86_64-arm-none-eabi/bin/../lib/gcc/arm-none-eabi/13.2.1/thumb/v8-m.main+fp/hard/crtbegin.o

.ARM.extab
 *(.ARM.extab* .gnu.linkonce.armextab.*)

.ARM            0x1ffe21a8        0x8
                0x1ffe21a8                        __exidx_start = .
 *(.ARM.exidx*)
 .ARM.exidx     0x1ffe21a8        0x8 /home/rejoice/.mcuxpressotools/arm-gnu-toolchain-13.2.Rel1-x86_64-arm-none-eabi/bin/../lib/gcc/arm-none-eabi/13.2.1/../../../../arm-none-eabi/lib/thumb/v8-m.main+fp/hard/crt0.o
                                 0x10 (size before relaxing)
 .ARM.exidx     0x1ffe21b0        0x0 /home/rejoice/.mcuxpressotools/arm-gnu-toolchain-13.2.Rel1-x86_64-arm-none-eabi/bin/../lib/gcc/arm-none-eabi/13.2.1/../../../../arm-none-eabi/lib/thumb/v8-m.main+fp/hard/libc_nano.a(libc_a-strlen.o)
                                  0x8 (size before relaxing)
                0x1ffe21b0                        __exidx_end = .

.rel.dyn        0x1ffe21b0        0x0
 .rel.iplt      0x1ffe21b0        0x0 /home/rejoice/.mcuxpressotools/arm-gnu-toolchain-13.2.Rel1-x86_64-arm-none-eabi/bin/../lib/gcc/arm-none-eabi/13.2.1/thumb/v8-m.main+fp/hard/crtbegin.o

.ctors          0x1ffe21b0        0x0
                0x1ffe21b0                        __CTOR_LIST__ = .
 *crtbegin.o(.ctors)
 *crtbegin?.o(.ctors)
 *(EXCLUDE_FILE(*crtend.o *crtend?.o) .ctors)
 *(SORT_BY_NAME(.ctors.*))
 *(.ctors)
                0x1ffe21b0                        __CTOR_END__ = .

.dtors          0x1ffe21b0        0x0
                0x1ffe21b0                        __DTOR_LIST__ = .
 *crtbegin.o(.dtors)
 *crtbegin?.o(.dtors)
 *(EXCLUDE_FILE(*crtend.o *crtend?.o) .dtors)
 *(SORT_BY_NAME(.dtors.*))
 *(.dtors)
                0x1ffe21b0                        __DTOR_END__ = .

.preinit_array  0x1ffe21b0        0x0
                0x1ffe21b0                        PROVIDE (__preinit_array_start = .)
 *(.preinit_array*)
                0x1ffe21b0                        PROVIDE (__preinit_array_end = .)

.init_array     0x1ffe21b0        0x4
                0x1ffe21b0                        PROVIDE (__init_array_start = .)
 *(SORT_BY_NAME(.init_array.*))
 *(.init_array*)
 .init_array    0x1ffe21b0        0x4 /home/rejoice/.mcuxpressotools/arm-gnu-toolchain-13.2.Rel1-x86_64-arm-none-eabi/bin/../lib/gcc/arm-none-eabi/13.2.1/thumb/v8-m.main+fp/hard/crtbegin.o
                0x1ffe21b4                        PROVIDE (__init_array_end = .)

.fini_array     0x1ffe21b4        0x4
                [!provide]                        PROVIDE (__fini_array_start = .)
 *(SORT_BY_NAME(.fini_array.*))
 *(.fini_array*)
 .fini_array    0x1ffe21b4        0x4 /home/rejoice/.mcuxpressotools/arm-gnu-toolchain-13.2.Rel1-x86_64-arm-none-eabi/bin/../lib/gcc/arm-none-eabi/13.2.1/thumb/v8-m.main+fp/hard/crtbegin.o
                [!provide]                        PROVIDE (__fini_array_end = .)
                0x1ffe21b8                        __etext = .
                0x1ffe21b8                        __DATA_ROM = .

.interrupts_ram
                0x30003000        0x0
                0x30003000                        . = ALIGN (0x4)
                0x30003000                        __VECTOR_RAM__ = .
                0x30003000                        __interrupts_ram_start__ = .
 *(.m_interrupts_ram)
                0x30003000                        . = (. + M_VECTOR_RAM_SIZE)
                0x30003000                        . = ALIGN (0x4)
                0x30003000                        __interrupts_ram_end__ = .
                0x1ffe0000                        __VECTOR_RAM = DEFINED (__ram_vector_table__)?__VECTOR_RAM__:ORIGIN (m_interrupts)
                0x00000000                        __RAM_VECTOR_TABLE_SIZE_BYTES = DEFINED (__ram_vector_table__)?(__interrupts_ram_end__ - __interrupts_ram_start__):0x0

.data           0x30003000     0x22c0 load address 0x1ffe21b8
                0x30003000                        . = ALIGN (0x4)
                0x30003000                        __DATA_RAM = .
                0x30003000                        __data_start__ = .
 *(.data)
 *(.data*)
 .data.op_31_data
                0x30003000      0x610 CMakeFiles/hello_world_s.elf.dir/home/rejoice/new/My_ethosu_firmware/boards/mcimx93evk/trustzone_examples/hello_world/hello_world_s/hello_world_s.c.obj
                0x30003000                op_31_data
 .data.op_37_input_record_data
                0x30003610      0x610 CMakeFiles/hello_world_s.elf.dir/home/rejoice/new/My_ethosu_firmware/boards/mcimx93evk/trustzone_examples/hello_world/hello_world_s/hello_world_s.c.obj
                0x30003610                op_37_input_record_data
 .data.op_40_data
                0x30003c20      0x610 CMakeFiles/hello_world_s.elf.dir/home/rejoice/new/My_ethosu_firmware/boards/mcimx93evk/trustzone_examples/hello_world/hello_world_s/hello_world_s.c.obj
                0x30003c20                op_40_data
 .data.op_34model_head_data
                0x30004230      0x610 CMakeFiles/hello_world_s.elf.dir/home/rejoice/new/My_ethosu_firmware/boards/mcimx93evk/trustzone_examples/hello_world/hello_world_s/hello_world_s.c.obj
                0x30004230                op_34model_head_data
 .data.op_28_model_record_data
                0x30004840      0x610 CMakeFiles/hello_world_s.elf.dir/home/rejoice/new/My_ethosu_firmware/boards/mcimx93evk/trustzone_examples/hello_world/hello_world_s/hello_world_s.c.obj
                0x30004840                op_28_model_record_data
 .data.op_24_data
                0x30004e50      0x12c CMakeFiles/hello_world_s.elf.dir/home/rejoice/new/My_ethosu_firmware/boards/mcimx93evk/trustzone_examples/hello_world/hello_world_s/hello_world_s.c.obj
                0x30004e50                op_24_data
 .data.register_access_records
                0x30004f7c      0x300 CMakeFiles/hello_world_s.elf.dir/home/rejoice/new/My_ethosu_firmware/boards/mcimx93evk/trustzone_examples/hello_world/hello_world_s/replay.c.obj
 .data.g_clockSourceFreq
                0x3000527c       0x44 CMakeFiles/hello_world_s.elf.dir/home/rejoice/new/My_ethosu_firmware/devices/MIMX9352/drivers/fsl_clock.c.obj
                0x3000527c                g_clockSourceFreq
 *(.jcr*)
                0x300052c0                        . = ALIGN (0x4)
                0x300052c0                        __data_end__ = .
                0x1ffe4478                        __DATA_END = (__DATA_ROM + (__data_end__ - __data_start__))
                0x1ffefe00                        text_end = (ORIGIN (m_text) + LENGTH (m_text))
                0x00000001                        ASSERT ((__DATA_END <= text_end), region m_text overflowed with text and data)

.tm_clone_table
                0x300052c0        0x0 load address 0x1ffe4478
 .tm_clone_table
                0x300052c0        0x0 /home/rejoice/.mcuxpressotools/arm-gnu-toolchain-13.2.Rel1-x86_64-arm-none-eabi/bin/../lib/gcc/arm-none-eabi/13.2.1/thumb/v8-m.main+fp/hard/crtbegin.o
 .tm_clone_table
                0x300052c0        0x0 /home/rejoice/.mcuxpressotools/arm-gnu-toolchain-13.2.Rel1-x86_64-arm-none-eabi/bin/../lib/gcc/arm-none-eabi/13.2.1/thumb/v8-m.main+fp/hard/crtend.o

.igot.plt       0x300052c0        0x0 load address 0x1ffe4478
 .igot.plt      0x300052c0        0x0 /home/rejoice/.mcuxpressotools/arm-gnu-toolchain-13.2.Rel1-x86_64-arm-none-eabi/bin/../lib/gcc/arm-none-eabi/13.2.1/thumb/v8-m.main+fp/hard/crtbegin.o

.bss            0x300052c0       0x7c load address 0x1ffe4478
                0x300052c0                        . = ALIGN (0x4)
                0x300052c0                        __START_BSS = .
                0x300052c0                        __bss_start__ = .
 *(.bss)
 *(.bss*)
 .bss.completed.1
                0x300052c0        0x1 /home/rejoice/.mcuxpressotools/arm-gnu-toolchain-13.2.Rel1-x86_64-arm-none-eabi/bin/../lib/gcc/arm-none-eabi/13.2.1/thumb/v8-m.main+fp/hard/crtbegin.o
 *fill*         0x300052c1        0x3 
 .bss.object.0  0x300052c4       0x18 /home/rejoice/.mcuxpressotools/arm-gnu-toolchain-13.2.Rel1-x86_64-arm-none-eabi/bin/../lib/gcc/arm-none-eabi/13.2.1/thumb/v8-m.main+fp/hard/crtbegin.o
 .bss.s_lpuartIsr
                0x300052dc       0x24 CMakeFiles/hello_world_s.elf.dir/home/rejoice/new/My_ethosu_firmware/devices/MIMX9352/drivers/fsl_lpuart.c.obj
                0x300052dc                s_lpuartIsr
 .bss.s_lpuartHandle
                0x30005300       0x24 CMakeFiles/hello_world_s.elf.dir/home/rejoice/new/My_ethosu_firmware/devices/MIMX9352/drivers/fsl_lpuart.c.obj
                0x30005300                s_lpuartHandle
 .bss.s_debugConsole
                0x30005324       0x14 CMakeFiles/hello_world_s.elf.dir/home/rejoice/new/My_ethosu_firmware/devices/MIMX9352/utilities/debug_console_lite/fsl_debug_console.c.obj
 .bss.__stdio_exit_handler
                0x30005338        0x4 /home/rejoice/.mcuxpressotools/arm-gnu-toolchain-13.2.Rel1-x86_64-arm-none-eabi/bin/../lib/gcc/arm-none-eabi/13.2.1/../../../../arm-none-eabi/lib/thumb/v8-m.main+fp/hard/libc_nano.a(libc_a-findfp.o)
                0x30005338                __stdio_exit_handler
 *(COMMON)
                0x3000533c                        . = ALIGN (0x4)
                0x3000533c                        __bss_end__ = .
                0x3000533c                        __END_BSS = .

.m33_suspend    0x30000000        0x0
 *(M33SuspendRam)
                0x30000000                        . = ALIGN (0x4)

.heap           0x3000533c      0x404 load address 0x1ffe44f4
                0x30005340                        . = ALIGN (0x8)
 *fill*         0x3000533c        0x4 
                0x30005340                        __end__ = .
                0x30005340                        PROVIDE (end = .)
                0x30005340                        __HeapBase = .
                0x30005740                        . = (. + HEAP_SIZE)
 *fill*         0x30005340      0x400 
                0x30005740                        __HeapLimit = .
                0x30005740                        __heap_limit = .

.stack          0x30005740      0x400 load address 0x1ffe48f8
                0x30005740                        . = ALIGN (0x8)
                0x30005b40                        . = (. + STACK_SIZE)
 *fill*         0x30005740      0x400 
                0x3000e000                        __StackTop = (ORIGIN (m_data) + LENGTH (m_data))
                0x3000dc00                        __StackLimit = (__StackTop - STACK_SIZE)
                0x3000e000                        PROVIDE (__stack = __StackTop)
                0x3001e000                        __RscTblStart = ORIGIN (m_rsc_tbl)
                0x3001f000                        __RscTblEnd = (ORIGIN (m_rsc_tbl) + LENGTH (m_rsc_tbl))

.ARM.attributes
                0x00000000       0x36
 *(.ARM.attributes)
 .ARM.attributes
                0x00000000       0x26 /home/rejoice/.mcuxpressotools/arm-gnu-toolchain-13.2.Rel1-x86_64-arm-none-eabi/bin/../lib/gcc/arm-none-eabi/13.2.1/thumb/v8-m.main+fp/hard/crti.o
 .ARM.attributes
                0x00000026       0x38 /home/rejoice/.mcuxpressotools/arm-gnu-toolchain-13.2.Rel1-x86_64-arm-none-eabi/bin/../lib/gcc/arm-none-eabi/13.2.1/thumb/v8-m.main+fp/hard/crtbegin.o
 .ARM.attributes
                0x0000005e       0x24 /home/rejoice/.mcuxpressotools/arm-gnu-toolchain-13.2.Rel1-x86_64-arm-none-eabi/bin/../lib/gcc/arm-none-eabi/13.2.1/../../../../arm-none-eabi/lib/thumb/v8-m.main+fp/hard/crt0.o
 .ARM.attributes
                0x00000082       0x3a CMakeFiles/hello_world_s.elf.dir/home/rejoice/new/My_ethosu_firmware/boards/mcimx93evk/trustzone_examples/hello_world/hello_world_s/hello_world_s.c.obj
 .ARM.attributes
                0x000000bc       0x3a CMakeFiles/hello_world_s.elf.dir/home/rejoice/new/My_ethosu_firmware/boards/mcimx93evk/trustzone_examples/hello_world/hello_world_s/replay.c.obj
 .ARM.attributes
                0x000000f6       0x3a CMakeFiles/hello_world_s.elf.dir/home/rejoice/new/My_ethosu_firmware/boards/mcimx93evk/trustzone_examples/hello_world/hello_world_s/rsc_table.c.obj
 .ARM.attributes
                0x00000130       0x3a CMakeFiles/hello_world_s.elf.dir/home/rejoice/new/My_ethosu_firmware/boards/mcimx93evk/trustzone_examples/hello_world/hello_world_s/pin_mux.c.obj
 .ARM.attributes
                0x0000016a       0x3a CMakeFiles/hello_world_s.elf.dir/home/rejoice/new/My_ethosu_firmware/boards/mcimx93evk/trustzone_examples/hello_world/hello_world_s/tzm_config.c.obj
 .ARM.attributes
                0x000001a4       0x3a CMakeFiles/hello_world_s.elf.dir/home/rejoice/new/My_ethosu_firmware/boards/mcimx93evk/trustzone_examples/hello_world/hello_world_s/tzm_api.c.obj
 .ARM.attributes
                0x000001de       0x3a CMakeFiles/hello_world_s.elf.dir/home/rejoice/new/My_ethosu_firmware/boards/mcimx93evk/trustzone_examples/hello_world/hello_world_s/board.c.obj
 .ARM.attributes
                0x00000218       0x3a CMakeFiles/hello_world_s.elf.dir/home/rejoice/new/My_ethosu_firmware/boards/mcimx93evk/trustzone_examples/hello_world/hello_world_s/clock_config.c.obj
 .ARM.attributes
                0x00000252       0x3a CMakeFiles/hello_world_s.elf.dir/home/rejoice/new/My_ethosu_firmware/components/uart/fsl_adapter_lpuart.c.obj
 .ARM.attributes
                0x0000028c       0x3a CMakeFiles/hello_world_s.elf.dir/home/rejoice/new/My_ethosu_firmware/devices/MIMX9352/system_MIMX9352_cm33.c.obj
 .ARM.attributes
                0x000002c6       0x24 CMakeFiles/hello_world_s.elf.dir/home/rejoice/new/My_ethosu_firmware/devices/MIMX9352/gcc/startup_MIMX9352_cm33.S.obj
 .ARM.attributes
                0x000002ea       0x3a CMakeFiles/hello_world_s.elf.dir/home/rejoice/new/My_ethosu_firmware/devices/MIMX9352/drivers/fsl_clock.c.obj
 .ARM.attributes
                0x00000324       0x3a CMakeFiles/hello_world_s.elf.dir/home/rejoice/new/My_ethosu_firmware/devices/MIMX9352/drivers/fsl_lpuart.c.obj
 .ARM.attributes
                0x0000035e       0x3a CMakeFiles/hello_world_s.elf.dir/home/rejoice/new/My_ethosu_firmware/devices/MIMX9352/drivers/fsl_sentinel.c.obj
 .ARM.attributes
                0x00000398       0x3a CMakeFiles/hello_world_s.elf.dir/home/rejoice/new/My_ethosu_firmware/devices/MIMX9352/drivers/fsl_trdc.c.obj
 .ARM.attributes
                0x000003d2       0x26 CMakeFiles/hello_world_s.elf.dir/home/rejoice/new/My_ethosu_firmware/devices/MIMX9352/utilities/fsl_memcpy.S.obj
 .ARM.attributes
                0x000003f8       0x3a CMakeFiles/hello_world_s.elf.dir/home/rejoice/new/My_ethosu_firmware/devices/MIMX9352/utilities/debug_console_lite/fsl_debug_console.c.obj
 .ARM.attributes
                0x00000432       0x38 /home/rejoice/.mcuxpressotools/arm-gnu-toolchain-13.2.Rel1-x86_64-arm-none-eabi/bin/../lib/gcc/arm-none-eabi/13.2.1/../../../../arm-none-eabi/lib/thumb/v8-m.main+fp/hard/libc_nano.a(libc_a-exit.o)
 .ARM.attributes
                0x0000046a       0x38 /home/rejoice/.mcuxpressotools/arm-gnu-toolchain-13.2.Rel1-x86_64-arm-none-eabi/bin/../lib/gcc/arm-none-eabi/13.2.1/../../../../arm-none-eabi/lib/thumb/v8-m.main+fp/hard/libc_nano.a(libc_a-init.o)
 .ARM.attributes
                0x000004a2       0x38 /home/rejoice/.mcuxpressotools/arm-gnu-toolchain-13.2.Rel1-x86_64-arm-none-eabi/bin/../lib/gcc/arm-none-eabi/13.2.1/../../../../arm-none-eabi/lib/thumb/v8-m.main+fp/hard/libc_nano.a(libc_a-findfp.o)
 .ARM.attributes
                0x000004da       0x24 /home/rejoice/.mcuxpressotools/arm-gnu-toolchain-13.2.Rel1-x86_64-arm-none-eabi/bin/../lib/gcc/arm-none-eabi/13.2.1/../../../../arm-none-eabi/lib/thumb/v8-m.main+fp/hard/libc_nano.a(libc_a-strlen.o)
 .ARM.attributes
                0x000004fe       0x38 /home/rejoice/.mcuxpressotools/arm-gnu-toolchain-13.2.Rel1-x86_64-arm-none-eabi/bin/../lib/gcc/arm-none-eabi/13.2.1/../../../../arm-none-eabi/lib/thumb/v8-m.main+fp/hard/libc_nano.a(libc_a-memset.o)
 .ARM.attributes
                0x00000536       0x24 /home/rejoice/.mcuxpressotools/arm-gnu-toolchain-13.2.Rel1-x86_64-arm-none-eabi/bin/../lib/gcc/arm-none-eabi/13.2.1/thumb/v8-m.main+fp/hard/libgcc.a(cmse_nonsecure_call.o)
 .ARM.attributes
                0x0000055a       0x38 /home/rejoice/.mcuxpressotools/arm-gnu-toolchain-13.2.Rel1-x86_64-arm-none-eabi/bin/../lib/gcc/arm-none-eabi/13.2.1/../../../../arm-none-eabi/lib/thumb/v8-m.main+fp/hard/libnosys.a(_exit.o)
 .ARM.attributes
                0x00000592       0x38 /home/rejoice/.mcuxpressotools/arm-gnu-toolchain-13.2.Rel1-x86_64-arm-none-eabi/bin/../lib/gcc/arm-none-eabi/13.2.1/thumb/v8-m.main+fp/hard/crtend.o
 .ARM.attributes
                0x000005ca       0x26 /home/rejoice/.mcuxpressotools/arm-gnu-toolchain-13.2.Rel1-x86_64-arm-none-eabi/bin/../lib/gcc/arm-none-eabi/13.2.1/thumb/v8-m.main+fp/hard/crtn.o
                0x00000001                        ASSERT ((__StackLimit >= __HeapLimit), region m_data overflowed with stack and heap)
OUTPUT(release/hello_world_s.elf elf32-littlearm)
LOAD linker stubs

.debug_line_str
                0x00000000      0x28f
 .debug_line_str
                0x00000000      0x28f /home/rejoice/.mcuxpressotools/arm-gnu-toolchain-13.2.Rel1-x86_64-arm-none-eabi/bin/../lib/gcc/arm-none-eabi/13.2.1/../../../../arm-none-eabi/lib/thumb/v8-m.main+fp/hard/crt0.o
                                 0xd3 (size before relaxing)
 .debug_line_str
                0x0000028f       0xe8 /home/rejoice/.mcuxpressotools/arm-gnu-toolchain-13.2.Rel1-x86_64-arm-none-eabi/bin/../lib/gcc/arm-none-eabi/13.2.1/../../../../arm-none-eabi/lib/thumb/v8-m.main+fp/hard/libc_nano.a(libc_a-strlen.o)
 .debug_line_str
                0x0000028f       0xd4 /home/rejoice/.mcuxpressotools/arm-gnu-toolchain-13.2.Rel1-x86_64-arm-none-eabi/bin/../lib/gcc/arm-none-eabi/13.2.1/thumb/v8-m.main+fp/hard/libgcc.a(cmse_nonsecure_call.o)

.comment        0x00000000       0x44
 .comment       0x00000000       0x44 CMakeFiles/hello_world_s.elf.dir/home/rejoice/new/My_ethosu_firmware/boards/mcimx93evk/trustzone_examples/hello_world/hello_world_s/hello_world_s.c.obj
                                 0x45 (size before relaxing)
 .comment       0x00000044       0x45 CMakeFiles/hello_world_s.elf.dir/home/rejoice/new/My_ethosu_firmware/boards/mcimx93evk/trustzone_examples/hello_world/hello_world_s/replay.c.obj
 .comment       0x00000044       0x45 CMakeFiles/hello_world_s.elf.dir/home/rejoice/new/My_ethosu_firmware/boards/mcimx93evk/trustzone_examples/hello_world/hello_world_s/rsc_table.c.obj
 .comment       0x00000044       0x45 CMakeFiles/hello_world_s.elf.dir/home/rejoice/new/My_ethosu_firmware/boards/mcimx93evk/trustzone_examples/hello_world/hello_world_s/pin_mux.c.obj
 .comment       0x00000044       0x45 CMakeFiles/hello_world_s.elf.dir/home/rejoice/new/My_ethosu_firmware/boards/mcimx93evk/trustzone_examples/hello_world/hello_world_s/tzm_config.c.obj
 .comment       0x00000044       0x45 CMakeFiles/hello_world_s.elf.dir/home/rejoice/new/My_ethosu_firmware/boards/mcimx93evk/trustzone_examples/hello_world/hello_world_s/tzm_api.c.obj
 .comment       0x00000044       0x45 CMakeFiles/hello_world_s.elf.dir/home/rejoice/new/My_ethosu_firmware/boards/mcimx93evk/trustzone_examples/hello_world/hello_world_s/board.c.obj
 .comment       0x00000044       0x45 CMakeFiles/hello_world_s.elf.dir/home/rejoice/new/My_ethosu_firmware/boards/mcimx93evk/trustzone_examples/hello_world/hello_world_s/clock_config.c.obj
 .comment       0x00000044       0x45 CMakeFiles/hello_world_s.elf.dir/home/rejoice/new/My_ethosu_firmware/components/uart/fsl_adapter_lpuart.c.obj
 .comment       0x00000044       0x45 CMakeFiles/hello_world_s.elf.dir/home/rejoice/new/My_ethosu_firmware/devices/MIMX9352/system_MIMX9352_cm33.c.obj
 .comment       0x00000044       0x45 CMakeFiles/hello_world_s.elf.dir/home/rejoice/new/My_ethosu_firmware/devices/MIMX9352/drivers/fsl_clock.c.obj
 .comment       0x00000044       0x45 CMakeFiles/hello_world_s.elf.dir/home/rejoice/new/My_ethosu_firmware/devices/MIMX9352/drivers/fsl_lpuart.c.obj
 .comment       0x00000044       0x45 CMakeFiles/hello_world_s.elf.dir/home/rejoice/new/My_ethosu_firmware/devices/MIMX9352/drivers/fsl_sentinel.c.obj
 .comment       0x00000044       0x45 CMakeFiles/hello_world_s.elf.dir/home/rejoice/new/My_ethosu_firmware/devices/MIMX9352/drivers/fsl_trdc.c.obj
 .comment       0x00000044       0x45 CMakeFiles/hello_world_s.elf.dir/home/rejoice/new/My_ethosu_firmware/devices/MIMX9352/utilities/debug_console_lite/fsl_debug_console.c.obj

.debug_frame    0x00000000      0x1d8
 .debug_frame   0x00000000       0x28 /home/rejoice/.mcuxpressotools/arm-gnu-toolchain-13.2.Rel1-x86_64-arm-none-eabi/bin/../lib/gcc/arm-none-eabi/13.2.1/../../../../arm-none-eabi/lib/thumb/v8-m.main+fp/hard/libc_nano.a(libc_a-exit.o)
 .debug_frame   0x00000028       0x2c /home/rejoice/.mcuxpressotools/arm-gnu-toolchain-13.2.Rel1-x86_64-arm-none-eabi/bin/../lib/gcc/arm-none-eabi/13.2.1/../../../../arm-none-eabi/lib/thumb/v8-m.main+fp/hard/libc_nano.a(libc_a-init.o)
 .debug_frame   0x00000054      0x144 /home/rejoice/.mcuxpressotools/arm-gnu-toolchain-13.2.Rel1-x86_64-arm-none-eabi/bin/../lib/gcc/arm-none-eabi/13.2.1/../../../../arm-none-eabi/lib/thumb/v8-m.main+fp/hard/libc_nano.a(libc_a-findfp.o)
 .debug_frame   0x00000198       0x20 /home/rejoice/.mcuxpressotools/arm-gnu-toolchain-13.2.Rel1-x86_64-arm-none-eabi/bin/../lib/gcc/arm-none-eabi/13.2.1/../../../../arm-none-eabi/lib/thumb/v8-m.main+fp/hard/libc_nano.a(libc_a-memset.o)
 .debug_frame   0x000001b8       0x20 /home/rejoice/.mcuxpressotools/arm-gnu-toolchain-13.2.Rel1-x86_64-arm-none-eabi/bin/../lib/gcc/arm-none-eabi/13.2.1/../../../../arm-none-eabi/lib/thumb/v8-m.main+fp/hard/libnosys.a(_exit.o)
